
> nd3-website@0.0.0 build
> next build

Ôû▓ Next.js 16.2.6 (Turbopack)
- Environments: .env.local

  Creating an optimized production build ...
Ô£ô Compiled successfully in 2.2s
  Running TypeScript ...
  Finished TypeScript in 55ms ...
  Collecting page data using 27 workers ...
  Generating static pages using 27 workers (0/53) ...
[Strapi] labs endpoint returned 404. Returning empty response.
[Strapi] labs endpoint returned 404. Returning empty response.
[Strapi] labs endpoint returned 404. Returning empty response.
[Strapi] labs endpoint returned 404. Returning empty response.
[Strapi] labs endpoint returned 404. Returning empty response.
[Strapi] labs endpoint returned 404. Returning empty response.
[Strapi] memoir-chapters endpoint returned 404. Returning empty response.
[Strapi] labs endpoint returned 404. Returning empty response.
[Strapi] labs endpoint returned 404. Returning empty response.
[Strapi] labs endpoint returned 404. Returning empty response.
[Strapi] labs endpoint returned 404. Returning empty response.
[Strapi] labs endpoint returned 404. Returning empty response.
[Strapi] labs endpoint returned 404. Returning empty response.
[Strapi] posts endpoint returned 404. Returning empty response.
[Strapi] labs endpoint returned 404. Returning empty response.
[Strapi] posts endpoint returned 404. Returning empty response.
[Strapi] posts endpoint returned 404. Returning empty response.
[Strapi] posts endpoint returned 404. Returning empty response.
[Strapi] posts endpoint returned 404. Returning empty response.
[Strapi] posts endpoint returned 404. Returning empty response.
[Strapi] posts endpoint returned 404. Returning empty response.
[Strapi] posts endpoint returned 404. Returning empty response.
[Strapi] posts endpoint returned 404. Returning empty response.
[Strapi] posts endpoint returned 404. Returning empty response.
[Strapi] posts endpoint returned 404. Returning empty response.
[Strapi] posts endpoint returned 404. Returning empty response.
[Strapi] posts endpoint returned 404. Returning empty response.
[Strapi] posts endpoint returned 404. Returning empty response.
[Strapi] posts endpoint returned 404. Returning empty response.
[Strapi] posts endpoint returned 404. Returning empty response.
[Strapi] posts endpoint returned 404. Returning empty response.
[Strapi] posts endpoint returned 404. Returning empty response.
[Strapi] posts endpoint returned 404. Returning empty response.
[Strapi] posts endpoint returned 404. Returning empty response.
[Strapi] posts endpoint returned 404. Returning empty response.
[Strapi] posts endpoint returned 404. Returning empty response.
[Strapi] posts endpoint returned 404. Returning empty response.
[Strapi] posts endpoint returned 404. Returning empty response.
[Strapi] posts endpoint returned 404. Returning empty response.
[Strapi] lab-categories endpoint returned 404. Returning empty response.
  Generating static pages using 27 workers (13/53) 
[Strapi] posts endpoint returned 404. Returning empty response.
[Strapi] posts endpoint returned 404. Returning empty response.
[Strapi] posts endpoint returned 404. Returning empty response.
[Strapi] posts endpoint returned 404. Returning empty response.
[Strapi] posts endpoint returned 404. Returning empty response.
[Strapi] labs endpoint returned 404. Returning empty response.
[Strapi] posts endpoint returned 404. Returning empty response.
[Strapi] labs endpoint returned 404. Returning empty response.
[Strapi] labs endpoint returned 404. Returning empty response.
[Strapi] labs endpoint returned 404. Returning empty response.
  Generating static pages using 27 workers (26/53) 
[Strapi] labs endpoint returned 404. Returning empty response.
[Strapi] labs endpoint returned 404. Returning empty response.
[Strapi] posts endpoint returned 404. Returning empty response.
[Strapi] labs endpoint returned 404. Returning empty response.
[Strapi] posts endpoint returned 404. Returning empty response.
[Strapi] posts endpoint returned 404. Returning empty response.
[Strapi] posts endpoint returned 404. Returning empty response.
[Strapi] posts endpoint returned 404. Returning empty response.
[Strapi] posts endpoint returned 404. Returning empty response.
[Strapi] posts endpoint returned 404. Returning empty response.
[Strapi] posts endpoint returned 404. Returning empty response.
[Strapi] posts endpoint returned 404. Returning empty response.
[Strapi] posts endpoint returned 404. Returning empty response.
[Strapi] posts endpoint returned 404. Returning empty response.
[Strapi] posts endpoint returned 404. Returning empty response.
[Strapi] site-setting endpoint returned 404. Returning empty response.
[Strapi] products endpoint returned 404. Returning empty response.
[Strapi] posts endpoint returned 404. Returning empty response.
[Strapi] posts endpoint returned 404. Returning empty response.
[Strapi] labs endpoint returned 404. Returning empty response.
[Strapi] posts endpoint returned 404. Returning empty response.
[Strapi] posts endpoint returned 404. Returning empty response.
[Strapi] posts endpoint returned 404. Returning empty response.
[Strapi] posts endpoint returned 404. Returning empty response.
[Strapi] posts endpoint returned 404. Returning empty response.
[Strapi] posts endpoint returned 404. Returning empty response.
[Strapi] posts endpoint returned 404. Returning empty response.
[Strapi] posts endpoint returned 404. Returning empty response.
[Strapi] posts endpoint returned 404. Returning empty response.
[Strapi] labs endpoint returned 404. Returning empty response.
[Strapi] posts endpoint returned 404. Returning empty response.
[Strapi] posts endpoint returned 404. Returning empty response.
[Strapi] labs endpoint returned 404. Returning empty response.
[Strapi] posts endpoint returned 404. Returning empty response.
[Strapi] posts endpoint returned 404. Returning empty response.
  Generating static pages using 27 workers (39/53) 
[Strapi] posts endpoint returned 404. Returning empty response.
[Strapi] posts endpoint returned 404. Returning empty response.
[Strapi] labs endpoint returned 404. Returning empty response.
[Strapi] labs endpoint returned 404. Returning empty response.
[Strapi] labs endpoint returned 404. Returning empty response.
[Strapi] labs endpoint returned 404. Returning empty response.
[Strapi] labs endpoint returned 404. Returning empty response.
[Strapi] posts endpoint returned 404. Returning empty response.
[Strapi] posts endpoint returned 404. Returning empty response.
[Strapi] posts endpoint returned 404. Returning empty response.
[Strapi] labs endpoint returned 404. Returning empty response.
[Strapi] posts endpoint returned 404. Returning empty response.
[Strapi] posts endpoint returned 404. Returning empty response.
[Strapi] posts endpoint returned 404. Returning empty response.
[Strapi] posts endpoint returned 404. Returning empty response.
[Strapi] posts endpoint returned 404. Returning empty response.
Ô£ô Generating static pages using 27 workers (53/53) in 463ms
  Finalizing page optimization ...

Route (app)                         Revalidate  Expire
Ôöî Ôùï /                                       1m      1y
Ôö£ Ôùï /_not-found
Ôö£ Ôùï /about
Ôö£ Ôùï /accessibility
Ôö£ ãÆ /api/og
Ôö£ Ôùï /architect
Ôö£ ãÆ /blog
Ôö£ ÔùÅ /blog/[slug]                            1m      1y
Ôöé Ôö£ /blog/47-tabs-hyperfocus                1m      1y
Ôöé Ôö£ /blog/adhd-active-rest                  1m      1y
Ôöé Ôö£ /blog/adhd-momentum                     1m      1y
Ôöé Ôöö [+13 more paths]
Ôö£ Ôùï /contact
Ôö£ Ôùï /downloads
Ôö£ Ôùï /feed.xml                               1m      1y
Ôö£ Ôùï /labs                                   1m      1y
Ôö£ ÔùÅ /labs/[slug]                            1m      1y
Ôöé Ôö£ /labs/acoustic-shield                   1m      1y
Ôöé Ôö£ /labs/dopamine-snacks                   1m      1y
Ôöé Ôö£ /labs/visual-snow-shield                1m      1y
Ôöé Ôöö [+4 more paths]
Ôö£ ÔùÅ /labs/[slug]/embed                      1m      1y
Ôöé Ôö£ /labs/acoustic-shield/embed             1m      1y
Ôöé Ôö£ /labs/dopamine-snacks/embed             1m      1y
Ôöé Ôö£ /labs/visual-snow-shield/embed          1m      1y
Ôöé Ôöö [+4 more paths]
Ôö£ Ôùï /labs/banner-showcase
Ôö£ Ôùï /labs/cover-playground
Ôö£ Ôùï /memoir                                 1m      1y
Ôö£ ãÆ /memoir/[slug]
Ôö£ Ôùï /privacy
Ôö£ Ôùï /refund-policy
Ôö£ Ôùï /robots.txt
Ôö£ Ôùï /rss.xml                                1m      1y
Ôö£ Ôùï /sitemap.xml                            1m      1y
Ôö£ Ôùï /social-alchemist
Ôö£ Ôùï /store                                  1m      1y
Ôö£ ãÆ /store/[slug]
Ôöö Ôùï /terms


Ôùï  (Static)   prerendered as static content
ÔùÅ  (SSG)      prerendered as static HTML (uses generateStaticParams)
ãÆ  (Dynamic)  server-rendered on demand

